[dotenv@17.2.3] injecting env (9) from .env -- tip: ­ƒôí add observability to secrets: https://dotenvx.com/ops
node.exe : [1m[31mCompilerError:[39m[22m Stack too deep. Try compiling with `--via-ir` (cli) or the equivalent 
`viaIR: true` (standard JSON) while enabling the optimizer. Otherwise, try removing local variables.
En línea: 1 Carácter: 1
+ & "C:\Program Files\nodejs/node.exe" "C:\Program Files\nodejs/node_mo ...
+ ~~~~~~~~~~~~~~~~~~~~~~~~~~~~~~~~~~~~~~~~~~~~~~~~~~~~~~~~~~~~~~~~~~~~~
    + CategoryInfo          : NotSpecified: ([1m[31mCompil...ocal variables.:String) [], RemoteException
    + FullyQualifiedErrorId : NativeCommandError
 
   --> contracts/NexumManager.sol:272:48:
    |
272 |         NexumProduct memory product = products[productId];
    |                                                ^^^^^^^^^


[31m[1mError[22m[39m [31m[1mHH600:[22m[39m Compilation failed

For more info go to https://v2.hardhat.org/HH600 or run Hardhat with --show-stack-traces
